[smartethermining.github.io/index.html]
[smartethermining.github.io/miner.png]
[backblue.gif]
[fade.gif]
[index.html]
[smartethermining.github.io/dist/css/bootstrap.min.css]
[smartethermining.github.io/assets/css/ie10-viewport-bug-workaround.css]
[smartethermining.github.io/jumbotron-narrow.css]
[smartethermining.github.io/custom.css]
[smartethermining.github.io/assets/js/ie-emulation-modes-warning.js]
[ajax.googleapis.com/ajax/libs/jquery/3.3.1/jquery.min.js]
[maxcdn.bootstrapcdn.com/bootstrap/3.3.7/js/bootstrap.min.js]
[smartethermining.github.io/interface.js]
[unpkg.com/sweetalert@2.1.0/dist/sweetalert.min.js]
[smartethermining.github.io/main.js]
[smartethermining.github.io/index.html]
[smartethermining.github.io/dist/fonts/glyphicons-halflings-regular.eot]
[smartethermining.github.io/dist/fonts/glyphicons-halflings-regular-.eot]
[smartethermining.github.io/dist/fonts/glyphicons-halflings-regular.woff2]
[smartethermining.github.io/dist/fonts/glyphicons-halflings-regular.woff]
[smartethermining.github.io/dist/fonts/glyphicons-halflings-regular.ttf]
[smartethermining.github.io/dist/css/bootstrap.min.css]
[smartethermining.github.io/dist/fonts/glyphicons-halflings-regular.svg]
[smartethermining.github.io/assets/css/ie10-viewport-bug-workaround.css]
[smartethermining.github.io/jumbotron-narrow.css]
[smartethermining.github.io/custom.css]
[smartethermining.github.io/dist/fonts/glyphicons-halflings-regular.svg]
